// Jest Snapshot v1, https://goo.gl/fbAQLP

exports[`Homepage should render as expected 1`] = `
"<div className=\\"jsx-2218827264\\">
  <header className=\\"jsx-2218827264\\">
    <h1 className=\\"jsx-2218827264\\">
      SpaceX Launch Program
    </h1>
  </header>
  <section className=\\"jsx-2218827264\\">
    <Portfolio />
  </section>
  <footer className=\\"jsx-2218827264\\">
    <b className=\\"jsx-2218827264\\">
      Developed By:
    </b>
    <p className=\\"jsx-2218827264\\">
      Pratyush Chakra
    </p>
  </footer>
  <JSXStyle id=\\"2218827264\\">
    h
    t
    m
    l
    {
    b
    a
    c
    k
    g
    r
    o
    u
    n
    d
    :
    #
    e
    e
    e
    ;
    }
    p
    ,
    b
    {
    m
    a
    r
    g
    i
    n
    :
    0
    ;
    }
    b
    u
    t
    t
    o
    n
    {
    o
    u
    t
    l
    i
    n
    e
    :
    0
    ;
    b
    o
    r
    d
    e
    r
    :
    0
    ;
    c
    u
    r
    s
    o
    r
    :
    p
    o
    i
    n
    t
    e
    r
    ;
    }
    f
    o
    o
    t
    e
    r
    {
    w
    i
    d
    t
    h
    :
    -
    w
    e
    b
    k
    i
    t
    -
    m
    a
    x
    -
    c
    o
    n
    t
    e
    n
    t
    ;
    w
    i
    d
    t
    h
    :
    -
    m
    o
    z
    -
    m
    a
    x
    -
    c
    o
    n
    t
    e
    n
    t
    ;
    w
    i
    d
    t
    h
    :
    m
    a
    x
    -
    c
    o
    n
    t
    e
    n
    t
    ;
    m
    a
    r
    g
    i
    n
    :
    0
     
    a
    u
    t
    o
    ;
    d
    i
    s
    p
    l
    a
    y
    :
    -
    w
    e
    b
    k
    i
    t
    -
    b
    o
    x
    ;
    d
    i
    s
    p
    l
    a
    y
    :
    -
    w
    e
    b
    k
    i
    t
    -
    f
    l
    e
    x
    ;
    d
    i
    s
    p
    l
    a
    y
    :
    -
    m
    s
    -
    f
    l
    e
    x
    b
    o
    x
    ;
    d
    i
    s
    p
    l
    a
    y
    :
    f
    l
    e
    x
    ;
    }
  </JSXStyle>
</div>"
`;
