// Jest Snapshot v1, https://goo.gl/fbAQLP

exports[`Filter Component renders properly with valid data 1`] = `
"<Filters store={{...}}>
  <p className=\\"jsx-1376872141 filters\\">
    Filters
  </p>
  <div className=\\"jsx-1376872141 date-filter\\">
    <p className=\\"jsx-1376872141 filter-name-text\\">
      Launch Year
    </p>
    <div className=\\"jsx-1376872141 border-bottom\\" />
    <div className=\\"jsx-1376872141 date-btns\\">
      <div className=\\"jsx-1376872141 button-wrapper\\">
        <button id=\\"year-btn-2008\\" onClick={[Function (anonymous)]} className=\\"jsx-1376872141 \\">
          2008
        </button>
      </div>
      <div className=\\"jsx-1376872141 button-wrapper\\">
        <button id=\\"year-btn-2009\\" onClick={[Function (anonymous)]} className=\\"jsx-1376872141 \\">
          2009
        </button>
      </div>
      <div className=\\"jsx-1376872141 button-wrapper\\">
        <button id=\\"year-btn-2010\\" onClick={[Function (anonymous)]} className=\\"jsx-1376872141 \\">
          2010
        </button>
      </div>
      <div className=\\"jsx-1376872141 button-wrapper\\">
        <button id=\\"year-btn-2011\\" onClick={[Function (anonymous)]} className=\\"jsx-1376872141 \\">
          2011
        </button>
      </div>
      <div className=\\"jsx-1376872141 button-wrapper\\">
        <button id=\\"year-btn-2012\\" onClick={[Function (anonymous)]} className=\\"jsx-1376872141 \\">
          2012
        </button>
      </div>
      <div className=\\"jsx-1376872141 button-wrapper\\">
        <button id=\\"year-btn-2013\\" onClick={[Function (anonymous)]} className=\\"jsx-1376872141 \\">
          2013
        </button>
      </div>
      <div className=\\"jsx-1376872141 button-wrapper\\">
        <button id=\\"year-btn-2014\\" onClick={[Function (anonymous)]} className=\\"jsx-1376872141 \\">
          2014
        </button>
      </div>
      <div className=\\"jsx-1376872141 button-wrapper\\">
        <button id=\\"year-btn-2015\\" onClick={[Function (anonymous)]} className=\\"jsx-1376872141 \\">
          2015
        </button>
      </div>
      <div className=\\"jsx-1376872141 button-wrapper\\">
        <button id=\\"year-btn-2016\\" onClick={[Function (anonymous)]} className=\\"jsx-1376872141 \\">
          2016
        </button>
      </div>
      <div className=\\"jsx-1376872141 button-wrapper\\">
        <button id=\\"year-btn-2017\\" onClick={[Function (anonymous)]} className=\\"jsx-1376872141 \\">
          2017
        </button>
      </div>
      <div className=\\"jsx-1376872141 button-wrapper\\">
        <button id=\\"year-btn-2018\\" onClick={[Function (anonymous)]} className=\\"jsx-1376872141 \\">
          2018
        </button>
      </div>
      <div className=\\"jsx-1376872141 button-wrapper\\">
        <button id=\\"year-btn-2019\\" onClick={[Function (anonymous)]} className=\\"jsx-1376872141 \\">
          2019
        </button>
      </div>
      <div className=\\"jsx-1376872141 button-wrapper\\">
        <button id=\\"year-btn-2020\\" onClick={[Function (anonymous)]} className=\\"jsx-1376872141 \\">
          2020
        </button>
      </div>
      <div className=\\"jsx-1376872141 button-wrapper\\">
        <button id=\\"year-btn-2021\\" onClick={[Function (anonymous)]} className=\\"jsx-1376872141 \\">
          2021
        </button>
      </div>
      <div className=\\"jsx-1376872141 button-wrapper\\">
        <button id=\\"year-btn-2022\\" onClick={[Function (anonymous)]} className=\\"jsx-1376872141 \\">
          2022
        </button>
      </div>
    </div>
  </div>
  <div className=\\"jsx-1376872141 launch-filter\\">
    <p className=\\"jsx-1376872141 filter-name-text\\">
      Successful Launch
    </p>
    <div className=\\"jsx-1376872141 border-bottom\\" />
    <div className=\\"jsx-1376872141 date-btns\\">
      <div className=\\"jsx-1376872141 button-wrapper\\">
        <button onClick={[Function (anonymous)]} className=\\"jsx-1376872141 \\">
          True
        </button>
      </div>
      <div className=\\"jsx-1376872141 button-wrapper\\">
        <button onClick={[Function (anonymous)]} className=\\"jsx-1376872141 \\">
          False
        </button>
      </div>
    </div>
  </div>
  <div className=\\"jsx-1376872141 landing-filter\\">
    <p className=\\"jsx-1376872141 filter-name-text\\">
      Successfull Landing
    </p>
    <div className=\\"jsx-1376872141 border-bottom\\" />
    <div className=\\"jsx-1376872141 date-btns\\">
      <div className=\\"jsx-1376872141 button-wrapper\\">
        <button onClick={[Function (anonymous)]} className=\\"jsx-1376872141 \\">
          True
        </button>
      </div>
      <div className=\\"jsx-1376872141 button-wrapper\\">
        <button onClick={[Function (anonymous)]} className=\\"jsx-1376872141 \\">
          False
        </button>
      </div>
    </div>
  </div>
  <JSXStyle id=\\"1376872141\\" />
</Filters>"
`;

exports[`Filter Component selects filter and highligts them 1`] = `
"<Filters store={{...}}>
  <p className=\\"jsx-1376872141 filters\\">
    Filters
  </p>
  <div className=\\"jsx-1376872141 date-filter\\">
    <p className=\\"jsx-1376872141 filter-name-text\\">
      Launch Year
    </p>
    <div className=\\"jsx-1376872141 border-bottom\\" />
    <div className=\\"jsx-1376872141 date-btns\\">
      <div className=\\"jsx-1376872141 button-wrapper\\">
        <button id=\\"year-btn-2008\\" onClick={[Function (anonymous)]} className=\\"jsx-1376872141 \\">
          2008
        </button>
      </div>
      <div className=\\"jsx-1376872141 button-wrapper\\">
        <button id=\\"year-btn-2009\\" onClick={[Function (anonymous)]} className=\\"jsx-1376872141 \\">
          2009
        </button>
      </div>
      <div className=\\"jsx-1376872141 button-wrapper\\">
        <button id=\\"year-btn-2010\\" onClick={[Function (anonymous)]} className=\\"jsx-1376872141 \\">
          2010
        </button>
      </div>
      <div className=\\"jsx-1376872141 button-wrapper\\">
        <button id=\\"year-btn-2011\\" onClick={[Function (anonymous)]} className=\\"jsx-1376872141 \\">
          2011
        </button>
      </div>
      <div className=\\"jsx-1376872141 button-wrapper\\">
        <button id=\\"year-btn-2012\\" onClick={[Function (anonymous)]} className=\\"jsx-1376872141 \\">
          2012
        </button>
      </div>
      <div className=\\"jsx-1376872141 button-wrapper\\">
        <button id=\\"year-btn-2013\\" onClick={[Function (anonymous)]} className=\\"jsx-1376872141 \\">
          2013
        </button>
      </div>
      <div className=\\"jsx-1376872141 button-wrapper\\">
        <button id=\\"year-btn-2014\\" onClick={[Function (anonymous)]} className=\\"jsx-1376872141 \\">
          2014
        </button>
      </div>
      <div className=\\"jsx-1376872141 button-wrapper\\">
        <button id=\\"year-btn-2015\\" onClick={[Function (anonymous)]} className=\\"jsx-1376872141 \\">
          2015
        </button>
      </div>
      <div className=\\"jsx-1376872141 button-wrapper\\">
        <button id=\\"year-btn-2016\\" onClick={[Function (anonymous)]} className=\\"jsx-1376872141 \\">
          2016
        </button>
      </div>
      <div className=\\"jsx-1376872141 button-wrapper\\">
        <button id=\\"year-btn-2017\\" onClick={[Function (anonymous)]} className=\\"jsx-1376872141 \\">
          2017
        </button>
      </div>
      <div className=\\"jsx-1376872141 button-wrapper\\">
        <button id=\\"year-btn-2018\\" onClick={[Function (anonymous)]} className=\\"jsx-1376872141 \\">
          2018
        </button>
      </div>
      <div className=\\"jsx-1376872141 button-wrapper\\">
        <button id=\\"year-btn-2019\\" onClick={[Function (anonymous)]} className=\\"jsx-1376872141 \\">
          2019
        </button>
      </div>
      <div className=\\"jsx-1376872141 button-wrapper\\">
        <button id=\\"year-btn-2020\\" onClick={[Function (anonymous)]} className=\\"jsx-1376872141 \\">
          2020
        </button>
      </div>
      <div className=\\"jsx-1376872141 button-wrapper\\">
        <button id=\\"year-btn-2021\\" onClick={[Function (anonymous)]} className=\\"jsx-1376872141 \\">
          2021
        </button>
      </div>
      <div className=\\"jsx-1376872141 button-wrapper\\">
        <button id=\\"year-btn-2022\\" onClick={[Function (anonymous)]} className=\\"jsx-1376872141 \\">
          2022
        </button>
      </div>
    </div>
  </div>
  <div className=\\"jsx-1376872141 launch-filter\\">
    <p className=\\"jsx-1376872141 filter-name-text\\">
      Successful Launch
    </p>
    <div className=\\"jsx-1376872141 border-bottom\\" />
    <div className=\\"jsx-1376872141 date-btns\\">
      <div className=\\"jsx-1376872141 button-wrapper\\">
        <button onClick={[Function (anonymous)]} className=\\"jsx-1376872141 \\">
          True
        </button>
      </div>
      <div className=\\"jsx-1376872141 button-wrapper\\">
        <button onClick={[Function (anonymous)]} className=\\"jsx-1376872141 \\">
          False
        </button>
      </div>
    </div>
  </div>
  <div className=\\"jsx-1376872141 landing-filter\\">
    <p className=\\"jsx-1376872141 filter-name-text\\">
      Successfull Landing
    </p>
    <div className=\\"jsx-1376872141 border-bottom\\" />
    <div className=\\"jsx-1376872141 date-btns\\">
      <div className=\\"jsx-1376872141 button-wrapper\\">
        <button onClick={[Function (anonymous)]} className=\\"jsx-1376872141 \\">
          True
        </button>
      </div>
      <div className=\\"jsx-1376872141 button-wrapper\\">
        <button onClick={[Function (anonymous)]} className=\\"jsx-1376872141 \\">
          False
        </button>
      </div>
    </div>
  </div>
  <JSXStyle id=\\"1376872141\\" />
</Filters>"
`;
